// Jest Snapshot v1, https://goo.gl/fbAQLP

exports[`RouteSwitch Component renders route browser 1`] = `
<div>
  <nav>
    <img
      alt="Logo"
      src="/ilg128.png"
    />
    <ul>
      <a
        class="link"
        href="/"
      >
        <li>
          Home
        </li>
      </a>
      <a
        class="link"
        href="/shop"
      >
        <li>
          Shop
        </li>
      </a>
    </ul>
  </nav>
  <div
    class="App"
  >
    <h1>
      Home Page
    </h1>
  </div>
</div>
`;
